Assuming unrestricted shared filesystem usage.
None
host: ethanlittlestone
Building DAG of jobs...
Using shell: /bin/bash
Provided cores: 8
Rules claiming more threads will be scaled down.
Job stats:
job                  count
-----------------  -------
run_scanpy_script        1
total                    1

Select jobs to execute...
Execute 1 jobs...
[Wed Jul 30 20:20:54 2025]
localrule run_scanpy_script:
    input: data/raw/GSE274934/wildtype_h5_files
    output: data/processed/GSE274934/processed_anndata.h5ad, data/processed/GSE274934/vae_file, results/GSE274934/violin_qc.png, results/GSE274934/scatter_total_counts_vs_per_mito_counts.png, results/GSE274934/scatter_total_counts_vs_gene_counts.png, results/GSE274934/umap_samples_scvi.png, results/GSE274934/umap_leiden_scvi_clusters.png, results/GSE274934/umap_qc_metrics_scvi.png
    jobid: 0
    reason: Missing output files: data/processed/GSE274934/processed_anndata.h5ad
    resources: tmpdir=/var/folders/7x/7dyyb4rs5rj9h5yn26lxbwj40000gn/T
Shell command: 
    python scripts/python_scripts/ALK_positive_single_cell_workflow.py     --h5_directory data/raw/GSE274934/wildtype_h5_files --pre_processed_h5_file data/processed/GSE274934/processed_anndata.h5ad     --vae_file data/processed/GSE274934/vae_file
    
RuleException:
CalledProcessError in file "/Users/ethanlittlestone/USF_Lung_Cancer/scripts/snakemake_scripts/GSE274934_geo_workflow.smk", line 30:
Command 'set -euo pipefail;  
    python scripts/python_scripts/ALK_positive_single_cell_workflow.py     --h5_directory data/raw/GSE274934/wildtype_h5_files --pre_processed_h5_file data/processed/GSE274934/processed_anndata.h5ad     --vae_file data/processed/GSE274934/vae_file' returned non-zero exit status 2.
[Wed Jul 30 20:20:54 2025]
Error in rule run_scanpy_script:
    message: None
    jobid: 0
    input: data/raw/GSE274934/wildtype_h5_files
    output: data/processed/GSE274934/processed_anndata.h5ad, data/processed/GSE274934/vae_file, results/GSE274934/violin_qc.png, results/GSE274934/scatter_total_counts_vs_per_mito_counts.png, results/GSE274934/scatter_total_counts_vs_gene_counts.png, results/GSE274934/umap_samples_scvi.png, results/GSE274934/umap_leiden_scvi_clusters.png, results/GSE274934/umap_qc_metrics_scvi.png
    shell:
        
    python scripts/python_scripts/ALK_positive_single_cell_workflow.py     --h5_directory data/raw/GSE274934/wildtype_h5_files --pre_processed_h5_file data/processed/GSE274934/processed_anndata.h5ad     --vae_file data/processed/GSE274934/vae_file
    
        (command exited with non-zero exit code)
Shutting down, this might take some time.
Exiting because a job execution failed. Look below for error messages
[Wed Jul 30 20:20:54 2025]
Error in rule run_scanpy_script:
    message: None
    jobid: 0
    input: data/raw/GSE274934/wildtype_h5_files
    output: data/processed/GSE274934/processed_anndata.h5ad, data/processed/GSE274934/vae_file, results/GSE274934/violin_qc.png, results/GSE274934/scatter_total_counts_vs_per_mito_counts.png, results/GSE274934/scatter_total_counts_vs_gene_counts.png, results/GSE274934/umap_samples_scvi.png, results/GSE274934/umap_leiden_scvi_clusters.png, results/GSE274934/umap_qc_metrics_scvi.png
    shell:
        
    python scripts/python_scripts/ALK_positive_single_cell_workflow.py     --h5_directory data/raw/GSE274934/wildtype_h5_files --pre_processed_h5_file data/processed/GSE274934/processed_anndata.h5ad     --vae_file data/processed/GSE274934/vae_file
    
        (command exited with non-zero exit code)
Complete log(s): /Users/ethanlittlestone/USF_Lung_Cancer/.snakemake/log/2025-07-30T202054.427221.snakemake.log
WorkflowError:
At least one job did not complete successfully.
