Assuming unrestricted shared filesystem usage.
None
host: ethanlittlestone
Building DAG of jobs...
Using shell: /bin/bash
Provided cores: 8
Rules claiming more threads will be scaled down.
Job stats:
job                    count
-------------------  -------
run_scvi_processing        1
total                      1

Select jobs to execute...
Execute 1 jobs...
[Tue Jul 29 13:13:06 2025]
localrule run_scvi_processing:
    input: data/raw/emtab_6149/matrix.mtx, data/raw/emtab_6149/genes.csv, data/raw/emtab_6149/barcodes.csv, data/raw/emtab_6149/E-MTAB-6149_cell_types.rds
    output: data/processed/emtab_6149/processed_anndata.h5ad, data/processed/emtab_6149/vae_file, results/emtab_figures/violin_qc.png, results/emtab_figures/scatter_total_counts_vs_per_mito_counts.png, results/emtab_figures/scatter_total_counts_vs_gene_counts.png, results/emtab_figures/umap_samples_scvi.png, results/emtab_figures/umap_leiden_scvi_clusters.png, results/emtab_figures/umap_qc_metrics_scvi.png
    jobid: 0
    reason: Missing output files: results/emtab_figures/scatter_total_counts_vs_per_mito_counts.png, results/emtab_figures/umap_samples_scvi.png, results/emtab_figures/scatter_total_counts_vs_gene_counts.png, results/emtab_figures/umap_qc_metrics_scvi.png, results/emtab_figures/violin_qc.png, data/processed/emtab_6149/vae_file, data/processed/emtab_6149/processed_anndata.h5ad, results/emtab_figures/umap_leiden_scvi_clusters.png
    resources: tmpdir=/var/folders/7x/7dyyb4rs5rj9h5yn26lxbwj40000gn/T
Shell command: 
    python scripts/python_scripts/emtab_6149_workflow.py     --expression_matrix_file data/raw/emtab_6149/matrix.mtx --genes data/raw/emtab_6149/genes.csv     --barcodes data/raw/emtab_6149/barcodes.csv --annotation_file data/raw/emtab_6149/E-MTAB-6149_cell_types.rds     --processed_h5ad_file data/processed/emtab_6149/processed_anndata.h5ad     --vae_file data/processed/emtab_6149/vae_file
    
Waiting at most 5 seconds for missing files:
results/emtab_figures/violin_qc.png (missing locally)
results/emtab_figures/scatter_total_counts_vs_per_mito_counts.png (missing locally)
results/emtab_figures/scatter_total_counts_vs_gene_counts.png (missing locally)
results/emtab_figures/umap_samples_scvi.png (missing locally)
results/emtab_figures/umap_leiden_scvi_clusters.png (missing locally)
results/emtab_figures/umap_qc_metrics_scvi.png (missing locally)
MissingOutputException in rule run_scvi_processing in file "/Users/ethanlittlestone/USF_Lung_Cancer/scripts/snakemake_scripts/e-mtab-6149_workflow.smk", line 2:
Job 0 completed successfully, but some output files are missing. Missing files after 5 seconds. This might be due to filesystem latency. If that is the case, consider to increase the wait time with --latency-wait:
results/emtab_figures/violin_qc.png (missing locally, parent dir contents: )
results/emtab_figures/scatter_total_counts_vs_per_mito_counts.png (missing locally, parent dir contents: )
results/emtab_figures/scatter_total_counts_vs_gene_counts.png (missing locally, parent dir contents: )
results/emtab_figures/umap_samples_scvi.png (missing locally, parent dir contents: )
results/emtab_figures/umap_leiden_scvi_clusters.png (missing locally, parent dir contents: )
results/emtab_figures/umap_qc_metrics_scvi.png (missing locally, parent dir contents: )
Removing output files of failed job run_scvi_processing since they might be corrupted:
data/processed/emtab_6149/processed_anndata.h5ad, data/processed/emtab_6149/vae_file
Shutting down, this might take some time.
Exiting because a job execution failed. Look below for error messages
[Tue Jul 29 15:20:49 2025]
Error in rule run_scvi_processing:
    message: None
    jobid: 0
    input: data/raw/emtab_6149/matrix.mtx, data/raw/emtab_6149/genes.csv, data/raw/emtab_6149/barcodes.csv, data/raw/emtab_6149/E-MTAB-6149_cell_types.rds
    output: data/processed/emtab_6149/processed_anndata.h5ad, data/processed/emtab_6149/vae_file, results/emtab_figures/violin_qc.png, results/emtab_figures/scatter_total_counts_vs_per_mito_counts.png, results/emtab_figures/scatter_total_counts_vs_gene_counts.png, results/emtab_figures/umap_samples_scvi.png, results/emtab_figures/umap_leiden_scvi_clusters.png, results/emtab_figures/umap_qc_metrics_scvi.png
    shell:
        
    python scripts/python_scripts/emtab_6149_workflow.py     --expression_matrix_file data/raw/emtab_6149/matrix.mtx --genes data/raw/emtab_6149/genes.csv     --barcodes data/raw/emtab_6149/barcodes.csv --annotation_file data/raw/emtab_6149/E-MTAB-6149_cell_types.rds     --processed_h5ad_file data/processed/emtab_6149/processed_anndata.h5ad     --vae_file data/processed/emtab_6149/vae_file
    
        (command exited with non-zero exit code)
Complete log(s): /Users/ethanlittlestone/USF_Lung_Cancer/.snakemake/log/2025-07-29T131306.882591.snakemake.log
WorkflowError:
At least one job did not complete successfully.
