Assuming unrestricted shared filesystem usage.
None
host: ethanlittlestone
Building DAG of jobs...
Using shell: /bin/bash
Provided cores: 8
Rules claiming more threads will be scaled down.
Job stats:
job                    count
-------------------  -------
run_scvi_processing        1
total                      1

Select jobs to execute...
Execute 1 jobs...
[Wed Jul 30 09:49:45 2025]
localrule run_scvi_processing:
    input: data/raw/EMTAB_6149/matrix.mtx, data/raw/EMTAB_6149/genes.csv, data/raw/EMTAB_6149/barcodes.csv, data/raw/EMTAB_6149/E-MTAB-6149_cell_types.rds
    output: data/processed/EMTAB_6149/processed_anndata.h5ad, data/processed/EMTAB_6149/vae_file, results/EMTAB_6149/figures/violin_qc.png, results/EMTAB_6149/figures/scatter_total_counts_vs_per_mito_counts.png, results/EMTAB_6149/figures/scatter_total_counts_vs_gene_counts.png, results/EMTAB_6149/figures/umap_samples_scvi.png, results/EMTAB_6149/figures/umap_leiden_scvi_clusters.png, results/EMTAB_6149/figures/umap_qc_metrics_scvi.png
    jobid: 0
    reason: Forced execution
    resources: tmpdir=/var/folders/7x/7dyyb4rs5rj9h5yn26lxbwj40000gn/T
Shell command: 
    python scripts/python_scripts/EMTAB_6149_workflow.py     --expression_matrix_file data/raw/EMTAB_6149/matrix.mtx --genes data/raw/EMTAB_6149/genes.csv     --barcodes data/raw/EMTAB_6149/barcodes.csv --annotation_file data/raw/EMTAB_6149/E-MTAB-6149_cell_types.rds     --processed_h5ad_file data/processed/EMTAB_6149/processed_anndata.h5ad     --vae_file data/processed/EMTAB_6149/vae_file
    
[Wed Jul 30 11:39:38 2025]
Finished jobid: 0 (Rule: run_scvi_processing)
1 of 1 steps (100%) done
Complete log(s): /Users/ethanlittlestone/USF_Lung_Cancer/.snakemake/log/2025-07-30T094945.102366.snakemake.log
