Assuming unrestricted shared filesystem usage.
None
host: ethanlittlestone
Building DAG of jobs...
Using shell: /bin/bash
Provided cores: 8
Rules claiming more threads will be scaled down.
Job stats:
job                        count
-----------------------  -------
run_celltype_annotation        1
total                          1

Select jobs to execute...
Execute 1 jobs...
[Thu Jul 31 10:05:47 2025]
localrule run_celltype_annotation:
    input: data/processed/GSE274934/processed_anndata.h5ad, data/processed/GSE274934/vae_file
    output: results/GSE274934/umap_celltypist.png
    jobid: 0
    reason: Missing output files: results/GSE274934/umap_celltypist.png
    resources: tmpdir=/var/folders/7x/7dyyb4rs5rj9h5yn26lxbwj40000gn/T
Shell command: 
    python scripts/python_scripts/GSE274934_single_cell_workflow.py     --pre_processed_h5_file data/processed/GSE274934/processed_anndata.h5ad --skip_scvi_training     --vae_file data/processed/GSE274934/vae_file --csv_output_dir results/GSE274934/csvs
    
RuleException:
CalledProcessError in file "/Users/ethanlittlestone/USF_Lung_Cancer/scripts/snakemake_scripts/GSE274934_workflow.smk", line 46:
Command 'set -euo pipefail;  
    python scripts/python_scripts/GSE274934_single_cell_workflow.py     --pre_processed_h5_file data/processed/GSE274934/processed_anndata.h5ad --skip_scvi_training     --vae_file data/processed/GSE274934/vae_file --csv_output_dir results/GSE274934/csvs' returned non-zero exit status 1.
[Thu Jul 31 10:06:28 2025]
Error in rule run_celltype_annotation:
    message: None
    jobid: 0
    input: data/processed/GSE274934/processed_anndata.h5ad, data/processed/GSE274934/vae_file
    output: results/GSE274934/umap_celltypist.png
    shell:
        
    python scripts/python_scripts/GSE274934_single_cell_workflow.py     --pre_processed_h5_file data/processed/GSE274934/processed_anndata.h5ad --skip_scvi_training     --vae_file data/processed/GSE274934/vae_file --csv_output_dir results/GSE274934/csvs
    
        (command exited with non-zero exit code)
Removing output files of failed job run_celltype_annotation since they might be corrupted:
results/GSE274934/umap_celltypist.png
Shutting down, this might take some time.
Exiting because a job execution failed. Look below for error messages
[Thu Jul 31 10:06:28 2025]
Error in rule run_celltype_annotation:
    message: None
    jobid: 0
    input: data/processed/GSE274934/processed_anndata.h5ad, data/processed/GSE274934/vae_file
    output: results/GSE274934/umap_celltypist.png
    shell:
        
    python scripts/python_scripts/GSE274934_single_cell_workflow.py     --pre_processed_h5_file data/processed/GSE274934/processed_anndata.h5ad --skip_scvi_training     --vae_file data/processed/GSE274934/vae_file --csv_output_dir results/GSE274934/csvs
    
        (command exited with non-zero exit code)
Complete log(s): /Users/ethanlittlestone/USF_Lung_Cancer/.snakemake/log/2025-07-31T100547.150659.snakemake.log
WorkflowError:
At least one job did not complete successfully.
