Assuming unrestricted shared filesystem usage.
None
host: ethanlittlestone
Building DAG of jobs...
Using shell: /bin/bash
Provided cores: 8
Rules claiming more threads will be scaled down.
Job stats:
job                    count
-------------------  -------
gene_specific_plots        1
total                      1

Select jobs to execute...
Execute 1 jobs...
[Wed Jul 30 13:39:31 2025]
localrule gene_specific_plots:
    input: data/processed/EMTAB_6149/processed_anndata.h5ad, data/raw/EMTAB_6149/dna_repair_genes.xlsx
    jobid: 0
    reason: Rules with a run or shell declaration but no output are always executed.
    resources: tmpdir=/var/folders/7x/7dyyb4rs5rj9h5yn26lxbwj40000gn/T
Shell command: 
    python scripts/python_scripts/EMTAB_6149_workflow.py     --processed_h5ad_file data/processed/EMTAB_6149/processed_anndata.h5ad --gene_list data/raw/EMTAB_6149/dna_repair_genes.xlsx     --figures_output results/EMTAB_6149/figures --vae_file --csv_output results/EMTAB_6149/csvs
    
Terminating processes on user request, this might take some time.
RuleException:
CalledProcessError in file "/Users/ethanlittlestone/USF_Lung_Cancer/scripts/snakemake_scripts/EMTAB_6149_workflow.smk", line 35:
Command 'set -euo pipefail;  
    python scripts/python_scripts/EMTAB_6149_workflow.py     --processed_h5ad_file data/processed/EMTAB_6149/processed_anndata.h5ad --gene_list data/raw/EMTAB_6149/dna_repair_genes.xlsx     --figures_output results/EMTAB_6149/figures --vae_file --csv_output results/EMTAB_6149/csvs' died with <Signals.SIGINT: 2>.
[Wed Jul 30 13:39:34 2025]
Error in rule gene_specific_plots:
    message: None
    jobid: 0
    input: data/processed/EMTAB_6149/processed_anndata.h5ad, data/raw/EMTAB_6149/dna_repair_genes.xlsx
    shell:
        
    python scripts/python_scripts/EMTAB_6149_workflow.py     --processed_h5ad_file data/processed/EMTAB_6149/processed_anndata.h5ad --gene_list data/raw/EMTAB_6149/dna_repair_genes.xlsx     --figures_output results/EMTAB_6149/figures --vae_file --csv_output results/EMTAB_6149/csvs
    
        (command exited with non-zero exit code)
Complete log(s): /Users/ethanlittlestone/USF_Lung_Cancer/.snakemake/log/2025-07-30T133931.201056.snakemake.log
WorkflowError:
At least one job did not complete successfully.
