Assuming unrestricted shared filesystem usage.
None
host: ethanlittlestone
Building DAG of jobs...
Using shell: /Users/ethanlittlestone/USF_Lung_Cancer/.pixi/envs/default/bin/bash
Provided cores: 8
Rules claiming more threads will be scaled down.
Job stats:
job                    count
-------------------  -------
all                        1
download_atac_files       15
total                     16

Select jobs to execute...
Execute 8 jobs...
[Thu Jul 31 12:32:06 2025]
localrule download_atac_files:
    output: data/raw/GSE274934/ATAC/GSM8462143_AL05_ATAC_singlecell.csv.gz
    jobid: 15
    reason: Missing output files: data/raw/GSE274934/ATAC/GSM8462143_AL05_ATAC_singlecell.csv.gz
    wildcards: gsm=GSM8462143, sample=AL05, filename=singlecell.csv.gz
    resources: tmpdir=/var/folders/7x/7dyyb4rs5rj9h5yn26lxbwj40000gn/T
Shell command: 
    wget -nc https://ftp.ncbi.nlm.nih.gov/geo/samples/GSM8462nnn/GSM8462143/suppl/GSM8462143_AL05_ATAC_singlecell.csv.gz -O data/raw/GSE274934/ATAC/GSM8462143_AL05_ATAC_singlecell.csv.gz
    
[Thu Jul 31 12:32:06 2025]
localrule download_atac_files:
    output: data/raw/GSE274934/ATAC/GSM8462147_AL12_ATAC_singlecell.csv.gz
    jobid: 12
    reason: Missing output files: data/raw/GSE274934/ATAC/GSM8462147_AL12_ATAC_singlecell.csv.gz
    wildcards: gsm=GSM8462147, sample=AL12, filename=singlecell.csv.gz
    resources: tmpdir=/var/folders/7x/7dyyb4rs5rj9h5yn26lxbwj40000gn/T
Shell command: 
    wget -nc https://ftp.ncbi.nlm.nih.gov/geo/samples/GSM8462nnn/GSM8462147/suppl/GSM8462147_AL12_ATAC_singlecell.csv.gz -O data/raw/GSE274934/ATAC/GSM8462147_AL12_ATAC_singlecell.csv.gz
    
[Thu Jul 31 12:32:06 2025]
localrule download_atac_files:
    output: data/raw/GSE274934/ATAC/GSM8462144_AL08_ATAC_fragments.tsv.gz
    jobid: 1
    reason: Missing output files: data/raw/GSE274934/ATAC/GSM8462144_AL08_ATAC_fragments.tsv.gz
    wildcards: gsm=GSM8462144, sample=AL08, filename=fragments.tsv.gz
    resources: tmpdir=/var/folders/7x/7dyyb4rs5rj9h5yn26lxbwj40000gn/T
Shell command: 
    wget -nc https://ftp.ncbi.nlm.nih.gov/geo/samples/GSM8462nnn/GSM8462144/suppl/GSM8462144_AL08_ATAC_fragments.tsv.gz -O data/raw/GSE274934/ATAC/GSM8462144_AL08_ATAC_fragments.tsv.gz
    
[Thu Jul 31 12:32:06 2025]
localrule download_atac_files:
    output: data/raw/GSE274934/ATAC/GSM8462144_AL08_ATAC_peaks.bed.gz
    jobid: 2
    reason: Missing output files: data/raw/GSE274934/ATAC/GSM8462144_AL08_ATAC_peaks.bed.gz
    wildcards: gsm=GSM8462144, sample=AL08, filename=peaks.bed.gz
    resources: tmpdir=/var/folders/7x/7dyyb4rs5rj9h5yn26lxbwj40000gn/T
Shell command: 
    wget -nc https://ftp.ncbi.nlm.nih.gov/geo/samples/GSM8462nnn/GSM8462144/suppl/GSM8462144_AL08_ATAC_peaks.bed.gz -O data/raw/GSE274934/ATAC/GSM8462144_AL08_ATAC_peaks.bed.gz
    
[Thu Jul 31 12:32:06 2025]
localrule download_atac_files:
    output: data/raw/GSE274934/ATAC/GSM8462146_AL11_ATAC_singlecell.csv.gz
    jobid: 9
    reason: Missing output files: data/raw/GSE274934/ATAC/GSM8462146_AL11_ATAC_singlecell.csv.gz
    wildcards: gsm=GSM8462146, sample=AL11, filename=singlecell.csv.gz
    resources: tmpdir=/var/folders/7x/7dyyb4rs5rj9h5yn26lxbwj40000gn/T
Shell command: 
    wget -nc https://ftp.ncbi.nlm.nih.gov/geo/samples/GSM8462nnn/GSM8462146/suppl/GSM8462146_AL11_ATAC_singlecell.csv.gz -O data/raw/GSE274934/ATAC/GSM8462146_AL11_ATAC_singlecell.csv.gz
    
[Thu Jul 31 12:32:06 2025]
localrule download_atac_files:
    output: data/raw/GSE274934/ATAC/GSM8462145_AL10_ATAC_fragments.tsv.gz
    jobid: 4
    reason: Missing output files: data/raw/GSE274934/ATAC/GSM8462145_AL10_ATAC_fragments.tsv.gz
    wildcards: gsm=GSM8462145, sample=AL10, filename=fragments.tsv.gz
    resources: tmpdir=/var/folders/7x/7dyyb4rs5rj9h5yn26lxbwj40000gn/T
Shell command: 
    wget -nc https://ftp.ncbi.nlm.nih.gov/geo/samples/GSM8462nnn/GSM8462145/suppl/GSM8462145_AL10_ATAC_fragments.tsv.gz -O data/raw/GSE274934/ATAC/GSM8462145_AL10_ATAC_fragments.tsv.gz
    
[Thu Jul 31 12:32:06 2025]
localrule download_atac_files:
    output: data/raw/GSE274934/ATAC/GSM8462143_AL05_ATAC_fragments.tsv.gz
    jobid: 13
    reason: Missing output files: data/raw/GSE274934/ATAC/GSM8462143_AL05_ATAC_fragments.tsv.gz
    wildcards: gsm=GSM8462143, sample=AL05, filename=fragments.tsv.gz
    resources: tmpdir=/var/folders/7x/7dyyb4rs5rj9h5yn26lxbwj40000gn/T
Shell command: 
    wget -nc https://ftp.ncbi.nlm.nih.gov/geo/samples/GSM8462nnn/GSM8462143/suppl/GSM8462143_AL05_ATAC_fragments.tsv.gz -O data/raw/GSE274934/ATAC/GSM8462143_AL05_ATAC_fragments.tsv.gz
    
[Thu Jul 31 12:32:06 2025]
localrule download_atac_files:
    output: data/raw/GSE274934/ATAC/GSM8462147_AL12_ATAC_peaks.bed.gz
    jobid: 11
    reason: Missing output files: data/raw/GSE274934/ATAC/GSM8462147_AL12_ATAC_peaks.bed.gz
    wildcards: gsm=GSM8462147, sample=AL12, filename=peaks.bed.gz
    resources: tmpdir=/var/folders/7x/7dyyb4rs5rj9h5yn26lxbwj40000gn/T
Shell command: 
    wget -nc https://ftp.ncbi.nlm.nih.gov/geo/samples/GSM8462nnn/GSM8462147/suppl/GSM8462147_AL12_ATAC_peaks.bed.gz -O data/raw/GSE274934/ATAC/GSM8462147_AL12_ATAC_peaks.bed.gz
    
[Thu Jul 31 12:32:07 2025]
Finished jobid: 2 (Rule: download_atac_files)
1 of 16 steps (6%) done
Select jobs to execute...
Execute 1 jobs...
[Thu Jul 31 12:32:07 2025]
localrule download_atac_files:
    output: data/raw/GSE274934/ATAC/GSM8462146_AL11_ATAC_fragments.tsv.gz
    jobid: 7
    reason: Missing output files: data/raw/GSE274934/ATAC/GSM8462146_AL11_ATAC_fragments.tsv.gz
    wildcards: gsm=GSM8462146, sample=AL11, filename=fragments.tsv.gz
    resources: tmpdir=/var/folders/7x/7dyyb4rs5rj9h5yn26lxbwj40000gn/T
Shell command: 
    wget -nc https://ftp.ncbi.nlm.nih.gov/geo/samples/GSM8462nnn/GSM8462146/suppl/GSM8462146_AL11_ATAC_fragments.tsv.gz -O data/raw/GSE274934/ATAC/GSM8462146_AL11_ATAC_fragments.tsv.gz
    
[Thu Jul 31 12:32:07 2025]
Finished jobid: 11 (Rule: download_atac_files)
2 of 16 steps (12%) done
Select jobs to execute...
Execute 1 jobs...
[Thu Jul 31 12:32:07 2025]
localrule download_atac_files:
    output: data/raw/GSE274934/ATAC/GSM8462145_AL10_ATAC_singlecell.csv.gz
    jobid: 6
    reason: Missing output files: data/raw/GSE274934/ATAC/GSM8462145_AL10_ATAC_singlecell.csv.gz
    wildcards: gsm=GSM8462145, sample=AL10, filename=singlecell.csv.gz
    resources: tmpdir=/var/folders/7x/7dyyb4rs5rj9h5yn26lxbwj40000gn/T
Shell command: 
    wget -nc https://ftp.ncbi.nlm.nih.gov/geo/samples/GSM8462nnn/GSM8462145/suppl/GSM8462145_AL10_ATAC_singlecell.csv.gz -O data/raw/GSE274934/ATAC/GSM8462145_AL10_ATAC_singlecell.csv.gz
    
Select jobs to execute...
[Thu Jul 31 12:32:08 2025]
Finished jobid: 15 (Rule: download_atac_files)
3 of 16 steps (19%) done
Execute 1 jobs...
[Thu Jul 31 12:32:08 2025]
localrule download_atac_files:
    output: data/raw/GSE274934/ATAC/GSM8462143_AL05_ATAC_peaks.bed.gz
    jobid: 14
    reason: Missing output files: data/raw/GSE274934/ATAC/GSM8462143_AL05_ATAC_peaks.bed.gz
    wildcards: gsm=GSM8462143, sample=AL05, filename=peaks.bed.gz
    resources: tmpdir=/var/folders/7x/7dyyb4rs5rj9h5yn26lxbwj40000gn/T
Shell command: 
    wget -nc https://ftp.ncbi.nlm.nih.gov/geo/samples/GSM8462nnn/GSM8462143/suppl/GSM8462143_AL05_ATAC_peaks.bed.gz -O data/raw/GSE274934/ATAC/GSM8462143_AL05_ATAC_peaks.bed.gz
    
[Thu Jul 31 12:32:08 2025]
Finished jobid: 12 (Rule: download_atac_files)
4 of 16 steps (25%) done
Select jobs to execute...
Execute 1 jobs...
[Thu Jul 31 12:32:08 2025]
localrule download_atac_files:
    output: data/raw/GSE274934/ATAC/GSM8462146_AL11_ATAC_peaks.bed.gz
    jobid: 8
    reason: Missing output files: data/raw/GSE274934/ATAC/GSM8462146_AL11_ATAC_peaks.bed.gz
    wildcards: gsm=GSM8462146, sample=AL11, filename=peaks.bed.gz
    resources: tmpdir=/var/folders/7x/7dyyb4rs5rj9h5yn26lxbwj40000gn/T
Shell command: 
    wget -nc https://ftp.ncbi.nlm.nih.gov/geo/samples/GSM8462nnn/GSM8462146/suppl/GSM8462146_AL11_ATAC_peaks.bed.gz -O data/raw/GSE274934/ATAC/GSM8462146_AL11_ATAC_peaks.bed.gz
    
[Thu Jul 31 12:32:08 2025]
Finished jobid: 9 (Rule: download_atac_files)
5 of 16 steps (31%) done
Select jobs to execute...
Execute 1 jobs...
[Thu Jul 31 12:32:08 2025]
localrule download_atac_files:
    output: data/raw/GSE274934/ATAC/GSM8462145_AL10_ATAC_peaks.bed.gz
    jobid: 5
    reason: Missing output files: data/raw/GSE274934/ATAC/GSM8462145_AL10_ATAC_peaks.bed.gz
    wildcards: gsm=GSM8462145, sample=AL10, filename=peaks.bed.gz
    resources: tmpdir=/var/folders/7x/7dyyb4rs5rj9h5yn26lxbwj40000gn/T
Shell command: 
    wget -nc https://ftp.ncbi.nlm.nih.gov/geo/samples/GSM8462nnn/GSM8462145/suppl/GSM8462145_AL10_ATAC_peaks.bed.gz -O data/raw/GSE274934/ATAC/GSM8462145_AL10_ATAC_peaks.bed.gz
    
[Thu Jul 31 12:32:08 2025]
Finished jobid: 8 (Rule: download_atac_files)
6 of 16 steps (38%) done
Select jobs to execute...
Execute 1 jobs...
[Thu Jul 31 12:32:08 2025]
localrule download_atac_files:
    output: data/raw/GSE274934/ATAC/GSM8462144_AL08_ATAC_singlecell.csv.gz
    jobid: 3
    reason: Missing output files: data/raw/GSE274934/ATAC/GSM8462144_AL08_ATAC_singlecell.csv.gz
    wildcards: gsm=GSM8462144, sample=AL08, filename=singlecell.csv.gz
    resources: tmpdir=/var/folders/7x/7dyyb4rs5rj9h5yn26lxbwj40000gn/T
Shell command: 
    wget -nc https://ftp.ncbi.nlm.nih.gov/geo/samples/GSM8462nnn/GSM8462144/suppl/GSM8462144_AL08_ATAC_singlecell.csv.gz -O data/raw/GSE274934/ATAC/GSM8462144_AL08_ATAC_singlecell.csv.gz
    
[Thu Jul 31 12:32:08 2025]
Finished jobid: 14 (Rule: download_atac_files)
7 of 16 steps (44%) done
Select jobs to execute...
Execute 1 jobs...
[Thu Jul 31 12:32:08 2025]
localrule download_atac_files:
    output: data/raw/GSE274934/ATAC/GSM8462147_AL12_ATAC_fragments.tsv.gz
    jobid: 10
    reason: Missing output files: data/raw/GSE274934/ATAC/GSM8462147_AL12_ATAC_fragments.tsv.gz
    wildcards: gsm=GSM8462147, sample=AL12, filename=fragments.tsv.gz
    resources: tmpdir=/var/folders/7x/7dyyb4rs5rj9h5yn26lxbwj40000gn/T
Shell command: 
    wget -nc https://ftp.ncbi.nlm.nih.gov/geo/samples/GSM8462nnn/GSM8462147/suppl/GSM8462147_AL12_ATAC_fragments.tsv.gz -O data/raw/GSE274934/ATAC/GSM8462147_AL12_ATAC_fragments.tsv.gz
    
[Thu Jul 31 12:32:08 2025]
Finished jobid: 6 (Rule: download_atac_files)
8 of 16 steps (50%) done
[Thu Jul 31 12:32:08 2025]
Finished jobid: 5 (Rule: download_atac_files)
9 of 16 steps (56%) done
[Thu Jul 31 12:32:10 2025]
Finished jobid: 3 (Rule: download_atac_files)
10 of 16 steps (62%) done
[Thu Jul 31 12:38:10 2025]
Finished jobid: 4 (Rule: download_atac_files)
11 of 16 steps (69%) done
[Thu Jul 31 12:40:51 2025]
Finished jobid: 1 (Rule: download_atac_files)
12 of 16 steps (75%) done
[Thu Jul 31 12:41:17 2025]
Finished jobid: 13 (Rule: download_atac_files)
13 of 16 steps (81%) done
[Thu Jul 31 12:41:42 2025]
Finished jobid: 7 (Rule: download_atac_files)
14 of 16 steps (88%) done
[Thu Jul 31 12:43:12 2025]
Finished jobid: 10 (Rule: download_atac_files)
15 of 16 steps (94%) done
Select jobs to execute...
Execute 1 jobs...
[Thu Jul 31 12:43:12 2025]
localrule all:
    input: data/raw/GSE274934/ATAC/GSM8462144_AL08_ATAC_fragments.tsv.gz, data/raw/GSE274934/ATAC/GSM8462144_AL08_ATAC_peaks.bed.gz, data/raw/GSE274934/ATAC/GSM8462144_AL08_ATAC_singlecell.csv.gz, data/raw/GSE274934/ATAC/GSM8462145_AL10_ATAC_fragments.tsv.gz, data/raw/GSE274934/ATAC/GSM8462145_AL10_ATAC_peaks.bed.gz, data/raw/GSE274934/ATAC/GSM8462145_AL10_ATAC_singlecell.csv.gz, data/raw/GSE274934/ATAC/GSM8462146_AL11_ATAC_fragments.tsv.gz, data/raw/GSE274934/ATAC/GSM8462146_AL11_ATAC_peaks.bed.gz, data/raw/GSE274934/ATAC/GSM8462146_AL11_ATAC_singlecell.csv.gz, data/raw/GSE274934/ATAC/GSM8462147_AL12_ATAC_fragments.tsv.gz, data/raw/GSE274934/ATAC/GSM8462147_AL12_ATAC_peaks.bed.gz, data/raw/GSE274934/ATAC/GSM8462147_AL12_ATAC_singlecell.csv.gz, data/raw/GSE274934/ATAC/GSM8462143_AL05_ATAC_fragments.tsv.gz, data/raw/GSE274934/ATAC/GSM8462143_AL05_ATAC_peaks.bed.gz, data/raw/GSE274934/ATAC/GSM8462143_AL05_ATAC_singlecell.csv.gz
    jobid: 0
    reason: Input files updated by another job: data/raw/GSE274934/ATAC/GSM8462146_AL11_ATAC_singlecell.csv.gz, data/raw/GSE274934/ATAC/GSM8462147_AL12_ATAC_singlecell.csv.gz, data/raw/GSE274934/ATAC/GSM8462146_AL11_ATAC_fragments.tsv.gz, data/raw/GSE274934/ATAC/GSM8462144_AL08_ATAC_singlecell.csv.gz, data/raw/GSE274934/ATAC/GSM8462143_AL05_ATAC_peaks.bed.gz, data/raw/GSE274934/ATAC/GSM8462145_AL10_ATAC_peaks.bed.gz, data/raw/GSE274934/ATAC/GSM8462144_AL08_ATAC_fragments.tsv.gz, data/raw/GSE274934/ATAC/GSM8462143_AL05_ATAC_fragments.tsv.gz, data/raw/GSE274934/ATAC/GSM8462143_AL05_ATAC_singlecell.csv.gz, data/raw/GSE274934/ATAC/GSM8462144_AL08_ATAC_peaks.bed.gz, data/raw/GSE274934/ATAC/GSM8462147_AL12_ATAC_fragments.tsv.gz, data/raw/GSE274934/ATAC/GSM8462146_AL11_ATAC_peaks.bed.gz, data/raw/GSE274934/ATAC/GSM8462147_AL12_ATAC_peaks.bed.gz, data/raw/GSE274934/ATAC/GSM8462145_AL10_ATAC_singlecell.csv.gz, data/raw/GSE274934/ATAC/GSM8462145_AL10_ATAC_fragments.tsv.gz
    resources: tmpdir=/var/folders/7x/7dyyb4rs5rj9h5yn26lxbwj40000gn/T
Shell command: None
[Thu Jul 31 12:43:12 2025]
Finished jobid: 0 (Rule: all)
16 of 16 steps (100%) done
Complete log(s): /Users/ethanlittlestone/USF_Lung_Cancer/.snakemake/log/2025-07-31T123205.340042.snakemake.log
